[debug] [2026-10-01T09:13:35.456Z] ----------------------------------------------------------------------
[debug] [2026-10-01T09:13:35.458Z] Command:       C:\Program Files\nodejs\node.exe C:\Users\sarbe\AppData\Roaming\npm\node_modules\firebase-tools\lib\bin\firebase.js deploy --only firestore:rules --project trip-spend-app
[debug] [2026-10-01T09:13:35.458Z] CLI Version:   15.31.0
[debug] [2026-10-01T09:13:35.458Z] Platform:      win32
[debug] [2026-10-01T09:13:35.458Z] Node Version:  v26.10.0
[debug] [2026-10-01T09:13:35.458Z] Detected Agent: unknown
[debug] [2026-10-01T09:13:35.459Z] Time:          Thu Oct 01 2026 14:43:35 GMT+0530 (India Standard Time)
[debug] [2026-10-01T09:13:35.459Z] ----------------------------------------------------------------------
[debug] 
[debug] [2026-10-01T09:13:37.082Z] > command requires scopes: ["email","openid","https://www.googleapis.com/auth/cloudplatformprojects.readonly","https://www.googleapis.com/auth/firebase","https://www.googleapis.com/auth/cloud-platform"]
[debug] [2026-10-01T09:13:37.083Z] > authorizing via signed-in user (hello@sarbeswarpanda.in)
[debug] [2026-10-01T09:13:37.083Z] [iam] checking project trip-spend-app for permissions ["datastore.indexes.create","datastore.indexes.delete","datastore.indexes.list","datastore.indexes.update","firebase.projects.get"]
[debug] [2026-10-01T09:13:37.096Z] Checked if tokens are valid: true, expires at: 1790847557017
[debug] [2026-10-01T09:13:37.096Z] Checked if tokens are valid: true, expires at: 1790847557017
[debug] [2026-10-01T09:13:37.097Z] >>> [apiv2][query] POST https://cloudresourcemanager.googleapis.com/v1/projects/trip-spend-app:testIamPermissions [none]
[debug] [2026-10-01T09:13:37.097Z] >>> [apiv2][(partial)header] POST https://cloudresourcemanager.googleapis.com/v1/projects/trip-spend-app:testIamPermissions  x-goog-user-project=trip-spend-app
[debug] [2026-10-01T09:13:37.098Z] >>> [apiv2][body] POST https://cloudresourcemanager.googleapis.com/v1/projects/trip-spend-app:testIamPermissions {"permissions":["datastore.indexes.create","datastore.indexes.delete","datastore.indexes.list","datastore.indexes.update","firebase.projects.get"]}
[debug] [2026-10-01T09:13:39.071Z] <<< [apiv2][status] POST https://cloudresourcemanager.googleapis.com/v1/projects/trip-spend-app:testIamPermissions 200
[debug] [2026-10-01T09:13:39.071Z] <<< [apiv2][body] POST https://cloudresourcemanager.googleapis.com/v1/projects/trip-spend-app:testIamPermissions {"permissions":["datastore.indexes.create","datastore.indexes.delete","datastore.indexes.list","datastore.indexes.update","firebase.projects.get"]}
[info] 
[info] === Deploying to 'trip-spend-app'...
[info] 
[info] i  deploying firestore 
[info] i  firestore: ensuring required API firestore.googleapis.com is enabled... 
[info] i  firestore: ensuring required API firestore.googleapis.com is enabled... 
[debug] [2026-10-01T09:13:39.074Z] Checked if tokens are valid: true, expires at: 1790847557017
[debug] [2026-10-01T09:13:39.074Z] Checked if tokens are valid: true, expires at: 1790847557017
[debug] [2026-10-01T09:13:39.075Z] >>> [apiv2][query] GET https://firestore.googleapis.com/v1/projects/trip-spend-app/databases/(default) [none]
[debug] [2026-10-01T09:13:40.564Z] <<< [apiv2][status] GET https://firestore.googleapis.com/v1/projects/trip-spend-app/databases/(default) 200
[debug] [2026-10-01T09:13:40.564Z] <<< [apiv2][body] GET https://firestore.googleapis.com/v1/projects/trip-spend-app/databases/(default) {"name":"projects/trip-spend-app/databases/(default)","uid":"dae95549-f22b-4379-bda0-dfef9a87da13","createTime":"2026-09-28T16:37:24.305810Z","updateTime":"2026-09-28T16:37:24.305810Z","locationId":"asia-south1","type":"FIRESTORE_NATIVE","concurrencyMode":"PESSIMISTIC","versionRetentionPeriod":"3600s","earliestVersionTime":"2026-10-01T08:13:40.482332Z","appEngineIntegrationMode":"DISABLED","keyPrefix":"j","pointInTimeRecoveryEnablement":"POINT_IN_TIME_RECOVERY_DISABLED","deleteProtectionState":"DELETE_PROTECTION_DISABLED","databaseEdition":"STANDARD","freeTier":true,"realtimeUpdatesMode":"REALTIME_UPDATES_MODE_ENABLED","etag":"IPXnl6e9mJcDMM7+yNv2kpcD"}
[info] i  cloud.firestore: checking firestore.rules for compilation errors... 
[debug] [2026-10-01T09:13:40.565Z] Checked if tokens are valid: true, expires at: 1790847557017
[debug] [2026-10-01T09:13:40.565Z] Checked if tokens are valid: true, expires at: 1790847557017
[debug] [2026-10-01T09:13:40.565Z] >>> [apiv2][query] POST https://firebaserules.googleapis.com/v1/projects/trip-spend-app:test [none]
[debug] [2026-10-01T09:13:40.565Z] >>> [apiv2][body] POST https://firebaserules.googleapis.com/v1/projects/trip-spend-app:test [omitted]
